// Vitest Snapshot v1, https://vitest.dev/guide/snapshot.html

exports[`LogInPage > should render the login form 1`] = `
{
  "asFragment": [Function],
  "baseElement": <body>
    <div>
      <div
        class="h-screen w-screen bg-neutral pt-40"
      >
        <div
          class="w-[600px] mx-auto"
        >
          <h1
            class="text-3xl font-semibold text-center mb-5"
          >
            ChatHub
          </h1>
          <h1
            class="text-bold text-center text-xl"
          >
            Login
          </h1>
          <form
            class="mt-6 flex flex-col gap-y-6 rounded-md bg-base-100 p-8"
            data-testid="login-form"
            novalidate=""
          >
            <div
              class="flex w-full flex-col"
            >
              <label
                class="input input-bordered flex items-center gap-2"
              >
                <input
                  class="grow"
                  name="email"
                  placeholder="Email"
                  type="email"
                />
              </label>
            </div>
            <div
              class="flex w-full flex-col"
            >
              <label
                class="input input-bordered flex items-center gap-2"
              >
                <input
                  class="grow"
                  name="password"
                  placeholder="Password"
                  type="password"
                />
                <button
                  type="button"
                >
                  <svg
                    fill="currentColor"
                    height="1em"
                    viewBox="0 0 1024 1024"
                    width="1em"
                  >
                    <path
                      d="M396 512a112 112 0 10224 0 112 112 0 10-224 0zm546.2-25.8C847.4 286.5 704.1 186 512 186c-192.2 0-335.4 100.5-430.2 300.3a60.3 60.3 0 000 51.5C176.6 737.5 319.9 838 512 838c192.2 0 335.4-100.5 430.2-300.3 7.7-16.2 7.7-35 0-51.5zM508 688c-97.2 0-176-78.8-176-176s78.8-176 176-176 176 78.8 176 176-78.8 176-176 176z"
                    />
                  </svg>
                </button>
              </label>
            </div>
            <div
              class="ml-auto"
            >
              <a
                class="link link-primary link-hover"
                href="/forgot-password"
              >
                Forgot password?
              </a>
            </div>
            <button
              class="btn btn-primary"
              type="submit"
            >
              Log in
            </button>
          </form>
          <div
            class="flex flex-col gap-y-2 mt-3"
          >
            <span
              class="text-center"
            >
              Don't have an account?
               
              <a
                class="link link-primary link-hover"
                href="/register"
              >
                Register
              </a>
            </span>
          </div>
        </div>
      </div>
    </div>
  </body>,
  "container": <div>
    <div
      class="h-screen w-screen bg-neutral pt-40"
    >
      <div
        class="w-[600px] mx-auto"
      >
        <h1
          class="text-3xl font-semibold text-center mb-5"
        >
          ChatHub
        </h1>
        <h1
          class="text-bold text-center text-xl"
        >
          Login
        </h1>
        <form
          class="mt-6 flex flex-col gap-y-6 rounded-md bg-base-100 p-8"
          data-testid="login-form"
          novalidate=""
        >
          <div
            class="flex w-full flex-col"
          >
            <label
              class="input input-bordered flex items-center gap-2"
            >
              <input
                class="grow"
                name="email"
                placeholder="Email"
                type="email"
              />
            </label>
          </div>
          <div
            class="flex w-full flex-col"
          >
            <label
              class="input input-bordered flex items-center gap-2"
            >
              <input
                class="grow"
                name="password"
                placeholder="Password"
                type="password"
              />
              <button
                type="button"
              >
                <svg
                  fill="currentColor"
                  height="1em"
                  viewBox="0 0 1024 1024"
                  width="1em"
                >
                  <path
                    d="M396 512a112 112 0 10224 0 112 112 0 10-224 0zm546.2-25.8C847.4 286.5 704.1 186 512 186c-192.2 0-335.4 100.5-430.2 300.3a60.3 60.3 0 000 51.5C176.6 737.5 319.9 838 512 838c192.2 0 335.4-100.5 430.2-300.3 7.7-16.2 7.7-35 0-51.5zM508 688c-97.2 0-176-78.8-176-176s78.8-176 176-176 176 78.8 176 176-78.8 176-176 176z"
                  />
                </svg>
              </button>
            </label>
          </div>
          <div
            class="ml-auto"
          >
            <a
              class="link link-primary link-hover"
              href="/forgot-password"
            >
              Forgot password?
            </a>
          </div>
          <button
            class="btn btn-primary"
            type="submit"
          >
            Log in
          </button>
        </form>
        <div
          class="flex flex-col gap-y-2 mt-3"
        >
          <span
            class="text-center"
          >
            Don't have an account?
             
            <a
              class="link link-primary link-hover"
              href="/register"
            >
              Register
            </a>
          </span>
        </div>
      </div>
    </div>
  </div>,
  "debug": [Function],
  "findAllByAltText": [Function],
  "findAllByDisplayValue": [Function],
  "findAllByLabelText": [Function],
  "findAllByPlaceholderText": [Function],
  "findAllByRole": [Function],
  "findAllByTestId": [Function],
  "findAllByText": [Function],
  "findAllByTitle": [Function],
  "findByAltText": [Function],
  "findByDisplayValue": [Function],
  "findByLabelText": [Function],
  "findByPlaceholderText": [Function],
  "findByRole": [Function],
  "findByTestId": [Function],
  "findByText": [Function],
  "findByTitle": [Function],
  "getAllByAltText": [Function],
  "getAllByDisplayValue": [Function],
  "getAllByLabelText": [Function],
  "getAllByPlaceholderText": [Function],
  "getAllByRole": [Function],
  "getAllByTestId": [Function],
  "getAllByText": [Function],
  "getAllByTitle": [Function],
  "getByAltText": [Function],
  "getByDisplayValue": [Function],
  "getByLabelText": [Function],
  "getByPlaceholderText": [Function],
  "getByRole": [Function],
  "getByTestId": [Function],
  "getByText": [Function],
  "getByTitle": [Function],
  "queryAllByAltText": [Function],
  "queryAllByDisplayValue": [Function],
  "queryAllByLabelText": [Function],
  "queryAllByPlaceholderText": [Function],
  "queryAllByRole": [Function],
  "queryAllByTestId": [Function],
  "queryAllByText": [Function],
  "queryAllByTitle": [Function],
  "queryByAltText": [Function],
  "queryByDisplayValue": [Function],
  "queryByLabelText": [Function],
  "queryByPlaceholderText": [Function],
  "queryByRole": [Function],
  "queryByTestId": [Function],
  "queryByText": [Function],
  "queryByTitle": [Function],
  "rerender": [Function],
  "unmount": [Function],
}
`;
